// Jest Snapshot v1, https://goo.gl/fbAQLP

exports[`Test on Title Component Should render 1`] = `
<section
  className="w-100 py-5 text-center"
>
  <div
    className="container"
  >
    <div
      className="row"
    >
      <div
        className="col-6"
      >
        <section
          className="w-100"
        >
          <p
            className="h1"
            data-test="Register the Product"
          >
            Register the Product
          </p>
        </section>
      </div>
      <div
        className="col-6"
      >
        <section
          className="w-100"
        >
          <p
            className="h1"
          >
            See how will be
          </p>
        </section>
      </div>
    </div>
  </div>
</section>
`;
