// Jest Snapshot v1, https://goo.gl/fbAQLP

exports[`Test on Imagezoom Component Should have an image when we pass the props 1`] = `
<div
  className="container"
>
  <div
    className="row"
  >
    <div
      className="col-12 p-0"
    >
      <section
        className="text-center bg-dark"
      >
        <img
          alt="can be anything of your choice"
          className="w-100 img-fluid"
          src="linkaq"
        />
      </section>
    </div>
  </div>
</div>
`;
