// Jest Snapshot v1, https://goo.gl/fbAQLP

exports[`testing ReduceWaste Should render without props 1`] = `
<section>
  <div
    className="row"
  >
    <div
      className="col-12"
    >
      <h2
        className="h1 mt-5 py-4 text-muted"
      >
        Reduce Waste, Generate ESG Impact
      </h2>
    </div>
  </div>
  <div
    className="row"
  >
    <div
      className="col-lg-6 col-sm-12 col-md-12"
    >
      <section
        className="sectionobrigatoria"
      >
        <a
          href="https://clavo.globechain.com/corporates"
        >
          <section
            className="position-relative seccard secforest"
          >
            <section
              className="textobaixo"
            >
              <h3
                className="h2 pl-4 pr-4 text-white"
              >
                <strong>
                  Discover the benefits of listing items
                </strong>
              </h3>
              <section
                className="text-right w-100"
              >
                <span
                  className="mr-4 stylespan"
                >
                  Learn more
                </span>
              </section>
            </section>
          </section>
        </a>
      </section>
    </div>
    <div
      className="col-lg-6 col-sm-12 col-md-12"
    >
      <section
        className="sectionobrigatoria"
      >
        <a
          href="https://clavo.globechain.com/charities"
        >
          <section
            className="position-relative seccard seckid"
          >
            <section
              className="textobaixo"
            >
              <h3
                className="h2 pl-4 pr-4 text-white"
              >
                <strong>
                  How taking items benefits everyone
                </strong>
              </h3>
              <section
                className="text-right w-100"
              >
                <span
                  className="mr-4 stylespan"
                >
                  Learn more
                </span>
              </section>
            </section>
          </section>
        </a>
      </section>
    </div>
  </div>
</section>
`;
