// Jest Snapshot v1, https://goo.gl/fbAQLP

exports[`Test on FakeDropFilter Component Should render with full props 1`] = `null`;
