// Jest Snapshot v1, https://goo.gl/fbAQLP

exports[`Test on Navbot Component Sould have 1 container 1`] = `
<div
  className="container"
>
  <div
    className="row"
  >
    <div
      className="col-12"
    >
      <section
        className="w-100 pb-4"
      >
        <span
          aria-hidden="true"
          className="btnstyle"
          onClick={[Function]}
        >
          Register Page
        </span>
        <span
          aria-hidden="true"
          className="btnstyle"
          onClick={[Function]}
        >
          Bottom
        </span>
      </section>
    </div>
  </div>
</div>
`;
