// Jest Snapshot v1, https://goo.gl/fbAQLP

exports[`testing AnotherList Should render without props 1`] = `
<div
  className="container-fluid"
>
  <div
    className="row"
  >
    <div
      className="col-4"
    >
      <p
        className="h1"
      >
        Lista de titulo
      </p>
      <section
        className="w-100 mb-2"
      >
        <span
          aria-hidden="true"
          className="bgsomething bgselected"
          onClick={[Function]}
        >
          Video How to do something
        </span>
      </section>
      <section
        className="w-100 mb-2"
      >
        <span
          aria-hidden="true"
          className="bgsomething"
          onClick={[Function]}
        >
          How to request an item.
        </span>
      </section>
      <section
        className="w-100 mb-2"
      >
        <span
          aria-hidden="true"
          className="bgsomething"
          onClick={[Function]}
        >
          Globechain is worldwide.
        </span>
      </section>
      <section
        className="w-100 mb-2"
      >
        <span
          aria-hidden="true"
          className="bgsomething"
          onClick={[Function]}
        >
          Dashboard Filter
        </span>
      </section>
      <section
        className="w-100 mb-2"
      >
        <span
          aria-hidden="true"
          className="bgsomething"
          onClick={[Function]}
        >
          Noice logistic
        </span>
      </section>
      <section
        className="w-100 mb-2"
      >
        <span
          aria-hidden="true"
          className="bgsomething"
          onClick={[Function]}
        >
          Noice Feature edited
        </span>
      </section>
      <section
        className="w-100 mb-2"
      >
        <span
          aria-hidden="true"
          className="bgsomething"
          onClick={[Function]}
        >
          Noice website
        </span>
      </section>
    </div>
    <div
      className="col-12"
    >
      <div
        className="row"
      >
        <div
          className="col-6"
        />
        <div
          className="col-6"
        >
          <span
            aria-hidden="true"
            className="cursorPointer"
            onClick={[Function]}
          >
            How to request an item.  &gt;&gt;
          </span>
        </div>
      </div>
    </div>
  </div>
</div>
`;
